<SIP/aws-sip-tata-00000033>AGI Tx >> agi_request: agi://10.0.1.213/pick_fixdid
<SIP/aws-sip-tata-00000033>AGI Tx >> agi_channel: SIP/aws-sip-tata-00000033
<SIP/aws-sip-tata-00000033>AGI Tx >> agi_language: en
<SIP/aws-sip-tata-00000033>AGI Tx >> agi_type: SIP
<SIP/aws-sip-tata-00000033>AGI Tx >> agi_uniqueid: 1724959302.51
<SIP/aws-sip-tata-00000033>AGI Tx >> agi_version: 18.3.0
<SIP/aws-sip-tata-00000033>AGI Tx >> agi_callerid: 08368782690
<SIP/aws-sip-tata-00000033>AGI Tx >> agi_calleridname: 08368782690
<SIP/aws-sip-tata-00000033>AGI Tx >> agi_callingpres: 0
<SIP/aws-sip-tata-00000033>AGI Tx >> agi_callingani2: 0
<SIP/aws-sip-tata-00000033>AGI Tx >> agi_callington: 0
<SIP/aws-sip-tata-00000033>AGI Tx >> agi_callingtns: 0
<SIP/aws-sip-tata-00000033>AGI Tx >> agi_dnid: 69659555
<SIP/aws-sip-tata-00000033>AGI Tx >> agi_rdnis: unknown
<SIP/aws-sip-tata-00000033>AGI Tx >> agi_context: ashutosh
<SIP/aws-sip-tata-00000033>AGI Tx >> agi_extension: 69659555
<SIP/aws-sip-tata-00000033>AGI Tx >> agi_priority: 2
<SIP/aws-sip-tata-00000033>AGI Tx >> agi_enhanced: 0.0
<SIP/aws-sip-tata-00000033>AGI Tx >> agi_accountcode:
<SIP/aws-sip-tata-00000033>AGI Tx >> agi_threadid: 140239897376512
<SIP/aws-sip-tata-00000033>AGI Tx >>
C-0000002d

AGI Tx >> agi_network: yes
AGI Tx >> agi_network_script: pick_fixdid
<SIP/voxbone.com-00000032>AGI Tx >> agi_request: agi://10.0.1.213/pick_fixdid
<SIP/voxbone.com-00000032>AGI Tx >> agi_channel: SIP/voxbone.com-00000032
<SIP/voxbone.com-00000032>AGI Tx >> agi_language: en
<SIP/voxbone.com-00000032>AGI Tx >> agi_type: SIP
<SIP/voxbone.com-00000032>AGI Tx >> agi_uniqueid: 1724959295.50
<SIP/voxbone.com-00000032>AGI Tx >> agi_version: 18.3.0
<SIP/voxbone.com-00000032>AGI Tx >> agi_callerid: 9876543210
<SIP/voxbone.com-00000032>AGI Tx >> agi_calleridname: sipp
<SIP/voxbone.com-00000032>AGI Tx >> agi_callingpres: 0
<SIP/voxbone.com-00000032>AGI Tx >> agi_callingani2: 0
<SIP/voxbone.com-00000032>AGI Tx >> agi_callington: 0
<SIP/voxbone.com-00000032>AGI Tx >> agi_callingtns: 0
<SIP/voxbone.com-00000032>AGI Tx >> agi_dnid: 69659555
<SIP/voxbone.com-00000032>AGI Tx >> agi_rdnis: unknown
<SIP/voxbone.com-00000032>AGI Tx >> agi_context: ashutosh
<SIP/voxbone.com-00000032>AGI Tx >> agi_extension: 69659555
<SIP/voxbone.com-00000032>AGI Tx >> agi_priority: 2
<SIP/voxbone.com-00000032>AGI Tx >> agi_enhanced: 0.0
<SIP/voxbone.com-00000032>AGI Tx >> agi_accountcode:
<SIP/voxbone.com-00000032>AGI Tx >> agi_threadid: 140237471397632

C-0000002c


sudo suubuntu@ip-10-0-1-213:~$ sudo su
root@ip-10-0-1-213:/home/ubuntu#
root@ip-10-0-1-213:/home/ubuntu# cd casgi/
root@ip-10-0-1-213:/home/ubuntu/casgi# ./output
PYHOME: /home/ubuntu/engine/venv.
PYHOME2: /home/ubuntu/engine/venv.
master (pid: 185217) ready. booting workers...
tcp port got here: 4573
listening 1...
master accepting connections on serverfd=3
         master listening on tcp port=4573
spawned uWSGI worker 0 (pid: 185218)
running in master
inside master. sleeping every 1 seconds
initializing python module (app=0)...
setting dynamic virtualenv to /home/ubuntu/engine/venv
setting dynamic virtualenv to /home/ubuntu/engine/venv
[INFO] adding /home/ubuntu/engine to pythonpath.
initializing python module: mymodule
inside master. sleeping every 1 seconds
interpreter for app 0 initialized.
worker0 (pid: 185218) booted
(worker 0): before epoll_wait on fd=4
inside master. sleeping every 1 seconds
inside master. sleeping every 1 seconds
inside master. sleeping every 1 seconds
(worker 0): after epoll_wait on fd=4
(worker 0): event matched on fd=3
(worker 0) accepted new client on fd=7
(worker 0) moving to next while loop
inside master. sleeping every 1 seconds
(worker 0): before epoll_wait on fd=4
(worker 0): after epoll_wait on fd=4
(worker 0) handing the client. clientfd=7
(worker 0) handing request
(worker 0) reading 256 bytesfrom socket...
(worker 0) reading 256 bytesfrom socket...
(worker 0) total bytes read: 497
(worker 0) got response: agi_network: yes
agi_network_script: pick_fixdid
agi_request: agi://10.0.1.213/pick_fixdid
agi_channel: SIP/voxbone.com-00000032
agi_language: en
agi_type: SIP
agi_uniqueid: 1724959295.50
agi_version: 18.3.0
agi_callerid: 9876543210
agi_calleridname: sipp
agi_callingpres: 0
agi_callingani2: 0
agi_callington: 0
agi_callingtns: 0
agi_dnid: 69659555
agi_rdnis: unknown
agi_context: ashutosh
agi_extension: 69659555
agi_priority: 2
agi_enhanced: 0.0
agi_accountcode:
agi_threadid: 140237471397632


setting dynamic virtualenv to /home/ubuntu/engine/venv
inside master. sleeping every 1 seconds
class AGI: self.env = {'agi_accountcode': '',
 'agi_callerid': '9876543210',
 'agi_calleridname': 'sipp',
 'agi_callingani2': '0',
 'agi_callingpres': '0',
 'agi_callingtns': '0',
 'agi_callington': '0',
 'agi_channel': 'SIP/voxbone.com-00000032',
 'agi_context': 'ashutosh',
 'agi_dnid': '69659555',
 'agi_enhanced': '0.0',
 'agi_extension': '69659555',
 'agi_language': 'en',
 'agi_network': 'yes',
 'agi_network_script': 'pick_fixdid',
 'agi_priority': '2',
 'agi_rdnis': 'unknown',
 'agi_request': 'agi://10.0.1.213/pick_fixdid',
 'agi_threadid': '140237471397632',
 'agi_type': 'SIP',
 'agi_uniqueid': '1724959295.50',
 'agi_version': '18.3.0'}
(worker 0) received cmd=GET VARIABLE "LAST_UID"
, fd=7
(worker 0) [agi] writing 24 bytes to fd=7..
(worker 0) [agi] total bytes sent: 24
(worker 0) written bytes=24, fd=7 reading asterisk response...
waiting for socket to be available...
(worker 0) [agi] reading 256 bytes from fd=7..
(worker 0) [agi] total bytes read: 13
(worker 0) [agi] buff=200 result=0

    RESULT_LINE: 200 result=0
    RESULT_DICT: {'result': ('0', '')}
(worker 0) received cmd=SET VARIABLE "__CALL_KIND" "fixdid"
, fd=7
(worker 0) [agi] writing 36 bytes to fd=7..
(worker 0) [agi] total bytes sent: 36
(worker 0) written bytes=36, fd=7 reading asterisk response...
waiting for socket to be available...
(worker 0) [agi] reading 256 bytes from fd=7..
(worker 0) [agi] total bytes read: 13
(worker 0) [agi] buff=200 result=1

    RESULT_LINE: 200 result=1
    RESULT_DICT: {'result': ('1', '')}
(worker 0) received cmd=SET VARIABLE "__AGI_DNID" "69659555"
, fd=7
(worker 0) [agi] writing 37 bytes to fd=7..
(worker 0) [agi] total bytes sent: 37
(worker 0) written bytes=37, fd=7 reading asterisk response...
waiting for socket to be available...
(worker 0) [agi] reading 256 bytes from fd=7..
(worker 0) [agi] total bytes read: 13
(worker 0) [agi] buff=200 result=1

    RESULT_LINE: 200 result=1
    RESULT_DICT: {'result': ('1', '')}
(worker 0) received cmd=GET VARIABLE "IS_WEBCALL_OUTGOING"
, fd=7
(worker 0) [agi] writing 35 bytes to fd=7..
(worker 0) [agi] total bytes sent: 35
(worker 0) written bytes=35, fd=7 reading asterisk response...
waiting for socket to be available...
(worker 0) [agi] reading 256 bytes from fd=7..
(worker 0) [agi] total bytes read: 13
(worker 0) [agi] buff=200 result=0

    RESULT_LINE: 200 result=0
    RESULT_DICT: {'result': ('0', '')}
(worker 0) received cmd=SET VARIABLE "__LAST_UID" "dev1.1724959295.50"
, fd=7
(worker 0) [agi] writing 47 bytes to fd=7..
(worker 0) [agi] total bytes sent: 47
(worker 0) written bytes=47, fd=7 reading asterisk response...
waiting for socket to be available...
(worker 0) [agi] reading 256 bytes from fd=7..
(worker 0) [agi] total bytes read: 13
(worker 0) [agi] buff=200 result=1

    RESULT_LINE: 200 result=1
    RESULT_DICT: {'result': ('1', '')}
(worker 0) received cmd=SET VARIABLE "__TRANSFER_CONTEXT" "ashutosh_transfer"
, fd=7
(worker 0) [agi] writing 54 bytes to fd=7..
(worker 0) [agi] total bytes sent: 54
(worker 0) written bytes=54, fd=7 reading asterisk response...
waiting for socket to be available...
(worker 0) [agi] reading 256 bytes from fd=7..
(worker 0) [agi] total bytes read: 13
(worker 0) [agi] buff=200 result=1

    RESULT_LINE: 200 result=1
    RESULT_DICT: {'result': ('1', '')}
(worker 0) received cmd=SET VARIABLE "__LAST_DISP_NUM" "918261830830"
, fd=7
(worker 0) [agi] writing 46 bytes to fd=7..
(worker 0) [agi] total bytes sent: 46
(worker 0) written bytes=46, fd=7 reading asterisk response...
waiting for socket to be available...
(worker 0) [agi] reading 256 bytes from fd=7..
(worker 0) [agi] total bytes read: 13
(worker 0) [agi] buff=200 result=1

    RESULT_LINE: 200 result=1
    RESULT_DICT: {'result': ('1', '')}
(worker 0) received cmd=GET VARIABLE "IS_WEBCALL_OUTGOING"
, fd=7
(worker 0) [agi] writing 35 bytes to fd=7..
(worker 0) [agi] total bytes sent: 35
(worker 0) written bytes=35, fd=7 reading asterisk response...
waiting for socket to be available...
(worker 0) [agi] reading 256 bytes from fd=7..
(worker 0) [agi] total bytes read: 13
(worker 0) [agi] buff=200 result=0

    RESULT_LINE: 200 result=0
    RESULT_DICT: {'result': ('0', '')}
(worker 0) received cmd=GET VARIABLE "IS_WEBCALL_OUTGOING"
, fd=7
(worker 0) [agi] writing 35 bytes to fd=7..
(worker 0) [agi] total bytes sent: 35
(worker 0) written bytes=35, fd=7 reading asterisk response...
waiting for socket to be available...
(worker 0) [agi] reading 256 bytes from fd=7..
(worker 0) [agi] total bytes read: 13
(worker 0) [agi] buff=200 result=0

    RESULT_LINE: 200 result=0
    RESULT_DICT: {'result': ('0', '')}
(worker 0) received cmd=GET VARIABLE "CHANNEL"
, fd=7
(worker 0) [agi] writing 23 bytes to fd=7..
(worker 0) [agi] total bytes sent: 23
(worker 0) written bytes=23, fd=7 reading asterisk response...
waiting for socket to be available...
(worker 0) [agi] reading 256 bytes from fd=7..
(worker 0) [agi] total bytes read: 40
(worker 0) [agi] buff=200 result=1 (SIP/voxbone.com-00000032)

    RESULT_LINE: 200 result=1 (SIP/voxbone.com-00000032)
    RESULT_DICT: {'result': ('1', 'SIP/voxbone.com-00000032')}
(worker 0) received cmd=GET VARIABLE "CHANNEL"
, fd=7
(worker 0) [agi] writing 23 bytes to fd=7..
(worker 0) [agi] total bytes sent: 23
(worker 0) written bytes=23, fd=7 reading asterisk response...
waiting for socket to be available...
(worker 0) [agi] reading 256 bytes from fd=7..
(worker 0) [agi] total bytes read: 40
(worker 0) [agi] buff=200 result=1 (SIP/voxbone.com-00000032)

    RESULT_LINE: 200 result=1 (SIP/voxbone.com-00000032)
    RESULT_DICT: {'result': ('1', 'SIP/voxbone.com-00000032')}
(worker 0) received cmd=GET VARIABLE "IS_WEBCALL_OUTGOING"
, fd=7
(worker 0) [agi] writing 35 bytes to fd=7..
(worker 0) [agi] total bytes sent: 35
(worker 0) written bytes=35, fd=7 reading asterisk response...
waiting for socket to be available...
(worker 0) [agi] reading 256 bytes from fd=7..
(worker 0) [agi] total bytes read: 13
(worker 0) [agi] buff=200 result=0

    RESULT_LINE: 200 result=0
    RESULT_DICT: {'result': ('0', '')}
(worker 0) received cmd=SET VARIABLE "__ACTIVE_IVR_ID" "614337f8e3ded314_6"
, fd=7
(worker 0) [agi] writing 52 bytes to fd=7..
(worker 0) [agi] total bytes sent: 52
(worker 0) written bytes=52, fd=7 reading asterisk response...
waiting for socket to be available...
(worker 0) [agi] reading 256 bytes from fd=7..
(worker 0) [agi] total bytes read: 13
(worker 0) [agi] buff=200 result=1

    RESULT_LINE: 200 result=1
    RESULT_DICT: {'result': ('1', '')}
(worker 0) received cmd=ANSWER
, fd=7
(worker 0) [agi] writing 7 bytes to fd=7..
(worker 0) [agi] total bytes sent: 7
(worker 0) written bytes=7, fd=7 reading asterisk response...
waiting for socket to be available...
inside master. sleeping every 1 seconds
(worker 0) [agi] reading 256 bytes from fd=7..
(worker 0) [agi] total bytes read: 13
(worker 0) [agi] buff=200 result=0

    RESULT_LINE: 200 result=0
    RESULT_DICT: {'result': ('0', '')}
(worker 0) received cmd=GET VARIABLE "CHANNEL"
, fd=7
(worker 0) [agi] writing 23 bytes to fd=7..
(worker 0) [agi] total bytes sent: 23
(worker 0) written bytes=23, fd=7 reading asterisk response...
waiting for socket to be available...
(worker 0) [agi] reading 256 bytes from fd=7..
(worker 0) [agi] total bytes read: 40
(worker 0) [agi] buff=200 result=1 (SIP/voxbone.com-00000032)

    RESULT_LINE: 200 result=1 (SIP/voxbone.com-00000032)
    RESULT_DICT: {'result': ('1', 'SIP/voxbone.com-00000032')}
(worker 0) received cmd=GET VARIABLE "CHANNEL"
, fd=7
(worker 0) [agi] writing 23 bytes to fd=7..
(worker 0) [agi] total bytes sent: 23
(worker 0) written bytes=23, fd=7 reading asterisk response...
waiting for socket to be available...
(worker 0) [agi] reading 256 bytes from fd=7..
(worker 0) [agi] total bytes read: 40
(worker 0) [agi] buff=200 result=1 (SIP/voxbone.com-00000032)

    RESULT_LINE: 200 result=1 (SIP/voxbone.com-00000032)
    RESULT_DICT: {'result': ('1', 'SIP/voxbone.com-00000032')}
(worker 0) received cmd=GET DATA engine/ulaw/5f6a059642a70299 2000 2
, fd=7
(worker 0) [agi] writing 45 bytes to fd=7..
(worker 0) [agi] total bytes sent: 45
(worker 0) written bytes=45, fd=7 reading asterisk response...
waiting for socket to be available...
inside master. sleeping every 1 seconds
inside master. sleeping every 1 seconds
(worker 0) [agi] reading 256 bytes from fd=7..
(worker 0) [agi] total bytes read: 23
(worker 0) [agi] buff=200 result=1 (timeout)

    RESULT_LINE: 200 result=1 (timeout)
    RESULT_DICT: {'result': ('1', 'timeout')}
(worker 0) received cmd=GET VARIABLE "CHANNEL"
, fd=7
(worker 0) [agi] writing 23 bytes to fd=7..
(worker 0) [agi] total bytes sent: 23
(worker 0) written bytes=23, fd=7 reading asterisk response...
waiting for socket to be available...
(worker 0) [agi] reading 256 bytes from fd=7..
(worker 0) [agi] total bytes read: 40
(worker 0) [agi] buff=200 result=1 (SIP/voxbone.com-00000032)

    RESULT_LINE: 200 result=1 (SIP/voxbone.com-00000032)
    RESULT_DICT: {'result': ('1', 'SIP/voxbone.com-00000032')}
(worker 0) received cmd=GET VARIABLE "CHANNEL"
, fd=7
(worker 0) [agi] writing 23 bytes to fd=7..
(worker 0) [agi] total bytes sent: 23
(worker 0) written bytes=23, fd=7 reading asterisk response...
waiting for socket to be available...
(worker 0) [agi] reading 256 bytes from fd=7..
(worker 0) [agi] total bytes read: 40
(worker 0) [agi] buff=200 result=1 (SIP/voxbone.com-00000032)

    RESULT_LINE: 200 result=1 (SIP/voxbone.com-00000032)
    RESULT_DICT: {'result': ('1', 'SIP/voxbone.com-00000032')}
(worker 0) received cmd=STREAM FILE engine/ulaw/5f6a059642a70299 "1" 0
, fd=7
(worker 0) [agi] writing 47 bytes to fd=7..
(worker 0) [agi] total bytes sent: 47
(worker 0) written bytes=47, fd=7 reading asterisk response...
waiting for socket to be available...
inside master. sleeping every 1 seconds
inside master. sleeping every 1 seconds
(worker 0) [agi] reading 256 bytes from fd=7..
[agi] read() error
: Resource temporarily unavailable
(worker 0) [agi] buff=PAFs
(worker 0) received cmd=GET VARIABLE "CHANNEL"
, fd=7
reading asterisk response...
waiting for socket to be available...
(worker 0) [agi] reading 256 bytes from fd=7..
[agi] read() error
: Resource temporarily unavailable
(worker 0) [agi] buff=PAFs
(worker 0) received cmd=SET VARIABLE "__END_CMSG" "Call was disconnected by the caller"
, fd=7
reading asterisk response...
waiting for socket to be available...
(worker 0) [agi] reading 256 bytes from fd=7..
[agi] read() error
: Resource temporarily unavailable
(worker 0) [agi] buff=PAFs
(worker 0) received cmd=HANGUP
, fd=7
reading asterisk response...
waiting for socket to be available...
(worker 0) [agi] reading 256 bytes from fd=7..
[agi] read() error
: Resource temporarily unavailable
(worker 0) [agi] buff=PAFs
Traceback (most recent call last):
  File "/home/ubuntu/engine/core/engine/engine.py", line 226, in pick_call
    response = self.pre_process()
               ^^^^^^^^^^^^^^^^^^
  File "/home/ubuntu/engine/core/engine/engine.py", line 58, in pre_process
    return self._call_registered_processors(
           ^^^^^^^^^^^^^^^^^^^^^^^^^^^^^^^^^
  File "/home/ubuntu/engine/core/engine/engine.py", line 70, in _call_registered_processors
    processor.process(self)  # noqa
    ^^^^^^^^^^^^^^^^^^^^^^^
  File "/home/ubuntu/engine/core/ivrs/processor.py", line 76, in process
    node.process(app)
  File "/home/ubuntu/engine/core/ivrs/nodes/department.py", line 126, in process
    dial_status = self.dial(
                  ^^^^^^^^^^
  File "/home/ubuntu/engine/core/ivrs/nodes/department.py", line 28, in dial
    return app.call.set_strategy(strategy).process()
           ^^^^^^^^^^^^^^^^^^^^^^^^^^^^^^^^^^^^^^^^^
  File "/home/ubuntu/engine/core/engine/models/call.py", line 793, in process
    return self.call_department(self.agents)
           ^^^^^^^^^^^^^^^^^^^^^^^^^^^^^^^^^
  File "/home/ubuntu/engine/core/engine/models/call.py", line 591, in call_department
    self.update_allcaller(department_id=department.id)
  File "/home/ubuntu/engine/core/engine/models/call.py", line 411, in update_allcaller
    self.allcaller.save()
  File "/home/ubuntu/engine/core/engine/models/allcaller.py", line 131, in save
    if app.agi.channel:
       ^^^^^^^^^^^^^^^
  File "/home/ubuntu/engine/core/engine/agi.py", line 138, in channel
    return self.get_variable("CHANNEL")
           ^^^^^^^^^^^^^^^^^^^^^^^^^^^^
  File "/home/ubuntu/engine/venv/lib/python3.12/site-packages/asterisk/agi.py", line 597, in get_variable
    result = self.execute('GET VARIABLE', self._quote(name))
             ^^^^^^^^^^^^^^^^^^^^^^^^^^^^^^^^^^^^^^^^^^^^^^^
  File "/home/ubuntu/engine/venv/lib/python3.12/site-packages/asterisk/agi.py", line 149, in execute
    self.send_command(command, *args)
  File "/home/ubuntu/engine/core/engine/agi.py", line 221, in send_command
    ret = self.callback(command)  # noqa
          ^^^^^^^^^^^^^^^^^^^^^^
UnicodeDecodeError: 'utf-8' codec can't decode byte 0xe0 in position 2: invalid continuation byte

During handling of the above exception, another exception occurred:

Traceback (most recent call last):
  File "/home/ubuntu/engine/mymodule.py", line 41, in __call__
    engine.process("pick_fixdid")
  File "/home/ubuntu/engine/core/engine/engine.py", line 195, in process
    return self.pick_call()
           ^^^^^^^^^^^^^^^^
  File "/home/ubuntu/engine/core/engine/engine.py", line 229, in pick_call
    return self.finish(e)
           ^^^^^^^^^^^^^^
  File "/home/ubuntu/engine/core/engine/engine.py", line 278, in finish
    self.agi.hangup()
  File "/home/ubuntu/engine/venv/lib/python3.12/site-packages/asterisk/agi.py", line 541, in hangup
    self.execute('HANGUP', channel)
  File "/home/ubuntu/engine/venv/lib/python3.12/site-packages/asterisk/agi.py", line 149, in execute
    self.send_command(command, *args)
  File "/home/ubuntu/engine/core/engine/agi.py", line 221, in send_command
    ret = self.callback(command)  # noqa
          ^^^^^^^^^^^^^^^^^^^^^^
UnicodeDecodeError: 'utf-8' codec can't decode byte 0xe0 in position 2: invalid continuation byte
(worker 0) moving to next while loop
inside master. sleeping every 1 seconds
(worker 0): before epoll_wait on fd=4
(worker 0): after epoll_wait on fd=4
(worker 0): event matched on fd=3
(worker 0) accepted new client on fd=15
(worker 0) moving to next while loop
inside master. sleeping every 1 seconds
(worker 0): before epoll_wait on fd=4
(worker 0): after epoll_wait on fd=4
(worker 0) handing the client. clientfd=15
(worker 0) handing request
(worker 0) reading 256 bytesfrom socket...
(worker 0) reading 256 bytesfrom socket...
(worker 0) total bytes read: 506
(worker 0) got response: agi_network: yes
agi_network_script: pick_fixdid
agi_request: agi://10.0.1.213/pick_fixdid
agi_channel: SIP/aws-sip-tata-00000033
agi_language: en
agi_type: SIP
agi_uniqueid: 1724959302.51
agi_version: 18.3.0
agi_callerid: 08368782690
agi_calleridname: 08368782690
agi_callingpres: 0
agi_callingani2: 0
agi_callington: 0
agi_callingtns: 0
agi_dnid: 69659555
agi_rdnis: unknown
agi_context: ashutosh
agi_extension: 69659555
agi_priority: 2
agi_enhanced: 0.0
agi_accountcode:
agi_threadid: 140239897376512


setting dynamic virtualenv to /home/ubuntu/engine/venv
class AGI: self.env = {'agi_accountcode': '',
 'agi_callerid': '08368782690',
 'agi_calleridname': '08368782690',
 'agi_callingani2': '0',
 'agi_callingpres': '0',
 'agi_callingtns': '0',
 'agi_callington': '0',
 'agi_channel': 'SIP/aws-sip-tata-00000033',
 'agi_context': 'ashutosh',
 'agi_dnid': '69659555',
 'agi_enhanced': '0.0',
 'agi_extension': '69659555',
 'agi_language': 'en',
 'agi_network': 'yes',
 'agi_network_script': 'pick_fixdid',
 'agi_priority': '2',
 'agi_rdnis': 'unknown',
 'agi_request': 'agi://10.0.1.213/pick_fixdid',
 'agi_threadid': '140239897376512',
 'agi_type': 'SIP',
 'agi_uniqueid': '1724959302.51',
 'agi_version': '18.3.0'}
(worker 0) received cmd=GET VARIABLE "LAST_UID"
, fd=15
reading asterisk response...
waiting for socket to be available...
(worker 0) [agi] reading 256 bytes from fd=15..
[agi] read() error
: Resource temporarily unavailable
(worker 0) [agi] buff=@AFs
Traceback (most recent call last):
  File "/home/ubuntu/engine/mymodule.py", line 40, in __call__
    engine = Engine(agi=agi)
             ^^^^^^^^^^^^^^^
  File "/home/ubuntu/engine/core/engine/engine.py", line 41, in __init__
    self.uid = self.agi.get_variable("LAST_UID") or self.agi.suid
               ^^^^^^^^^^^^^^^^^^^^^^^^^^^^^^^^^
  File "/home/ubuntu/engine/venv/lib/python3.12/site-packages/asterisk/agi.py", line 597, in get_variable
    result = self.execute('GET VARIABLE', self._quote(name))
             ^^^^^^^^^^^^^^^^^^^^^^^^^^^^^^^^^^^^^^^^^^^^^^^
  File "/home/ubuntu/engine/venv/lib/python3.12/site-packages/asterisk/agi.py", line 149, in execute
    self.send_command(command, *args)
  File "/home/ubuntu/engine/core/engine/agi.py", line 221, in send_command
    ret = self.callback(command)  # noqa
          ^^^^^^^^^^^^^^^^^^^^^^
UnicodeDecodeError: 'utf-8' codec can't decode byte 0xe0 in position 2: invalid continuation byte
(worker 0): event matched on fd=3
accept: Resource temporarily unavailable
(worker 0) accept
(worker 0) moving to next while loop
inside master. sleeping every 1 seconds
(worker 0): before epoll_wait on fd=4
(worker 0): after epoll_wait on fd=4
(worker 0): event matched on fd=3
accept: Resource temporarily unavailable
(worker 0) accept
(worker 0) moving to next while loop
inside master. sleeping every 1 seconds
(worker 0): before epoll_wait on fd=4
(worker 0): after epoll_wait on fd=4
(worker 0): event matched on fd=3
accept: Resource temporarily unavailable
(worker 0) accept
(worker 0) moving to next while loop
inside master. sleeping every 1 seconds
(worker 0): before epoll_wait on fd=4
(worker 0): after epoll_wait on fd=4
(worker 0): event matched on fd=3
accept: Resource temporarily unavailable
(worker 0) accept
(worker 0) moving to next while loop
inside master. sleeping every 1 seconds
(worker 0): before epoll_wait on fd=4
(worker 0): after epoll_wait on fd=4
(worker 0): event matched on fd=3
accept: Resource temporarily unavailable
(worker 0) accept
(worker 0) moving to next while loop
inside master. sleeping every 1 seconds
(worker 0): before epoll_wait on fd=4
(worker 0): after epoll_wait on fd=4
(worker 0): event matched on fd=3
accept: Resource temporarily unavailable
(worker 0) accept
(worker 0) moving to next while loop
inside master. sleeping every 1 seconds
(worker 0): before epoll_wait on fd=4
(worker 0): after epoll_wait on fd=4
(worker 0): event matched on fd=3
accept: Resource temporarily unavailable
(worker 0) accept
(worker 0) moving to next while loop
inside master. sleeping every 1 seconds
(worker 0): before epoll_wait on fd=4
(worker 0): after epoll_wait on fd=4
(worker 0): event matched on fd=3
accept: Resource temporarily unavailable
(worker 0) accept
(worker 0) moving to next while loop
inside master. sleeping every 1 seconds
(worker 0): before epoll_wait on fd=4
(worker 0): after epoll_wait on fd=4
(worker 0): event matched on fd=3
accept: Resource temporarily unavailable
(worker 0) accept
(worker 0) moving to next while loop
inside master. sleeping every 1 seconds
(worker 0): before epoll_wait on fd=4
(worker 0): after epoll_wait on fd=4
(worker 0): event matched on fd=3
accept: Resource temporarily unavailable
(worker 0) accept
(worker 0) moving to next while loop
inside master. sleeping every 1 seconds
(worker 0): before epoll_wait on fd=4
(worker 0): after epoll_wait on fd=4
(worker 0): event matched on fd=3
accept: Resource temporarily unavailable
(worker 0) accept
(worker 0) moving to next while loop
inside master. sleeping every 1 seconds
(worker 0): before epoll_wait on fd=4
(worker 0): after epoll_wait on fd=4
(worker 0): event matched on fd=3
accept: Resource temporarily unavailable
(worker 0) accept
(worker 0) moving to next while loop
inside master. sleeping every 1 seconds
(worker 0): before epoll_wait on fd=4
(worker 0): after epoll_wait on fd=4
(worker 0): event matched on fd=3
accept: Resource temporarily unavailable
(worker 0) accept
(worker 0) moving to next while loop
inside master. sleeping every 1 seconds
(worker 0): before epoll_wait on fd=4
(worker 0): after epoll_wait on fd=4
(worker 0): event matched on fd=3
accept: Resource temporarily unavailable
(worker 0) accept
(worker 0) moving to next while loop
inside master. sleeping every 1 seconds
(worker 0): before epoll_wait on fd=4
(worker 0): after epoll_wait on fd=4
(worker 0): event matched on fd=3
accept: Resource temporarily unavailable
(worker 0) accept
(worker 0) moving to next while loop
inside master. sleeping every 1 seconds
(worker 0): before epoll_wait on fd=4
(worker 0): after epoll_wait on fd=4
(worker 0): event matched on fd=3
accept: Resource temporarily unavailable
(worker 0) accept
(worker 0) moving to next while loop
inside master. sleeping every 1 seconds
(worker 0): before epoll_wait on fd=4
(worker 0): after epoll_wait on fd=4
(worker 0): event matched on fd=3
accept: Resource temporarily unavailable
(worker 0) accept
(worker 0) moving to next while loop
inside master. sleeping every 1 seconds
(worker 0): before epoll_wait on fd=4
(worker 0): after epoll_wait on fd=4
(worker 0): event matched on fd=3
accept: Resource temporarily unavailable
(worker 0) accept
(worker 0) moving to next while loop
inside master. sleeping every 1 seconds
(worker 0): before epoll_wait on fd=4
(worker 0): after epoll_wait on fd=4
(worker 0): event matched on fd=3
accept: Resource temporarily unavailable
(worker 0) accept
(worker 0) moving to next while loop
inside master. sleeping every 1 seconds
(worker 0): before epoll_wait on fd=4
(worker 0): after epoll_wait on fd=4
(worker 0): event matched on fd=3
accept: Resource temporarily unavailable
(worker 0) accept
(worker 0) moving to next while loop
inside master. sleeping every 1 seconds
(worker 0): before epoll_wait on fd=4
(worker 0): after epoll_wait on fd=4
(worker 0): event matched on fd=3
accept: Resource temporarily unavailable
(worker 0) accept
(worker 0) moving to next while loop
inside master. sleeping every 1 seconds
(worker 0): before epoll_wait on fd=4
(worker 0): after epoll_wait on fd=4
(worker 0): event matched on fd=3
accept: Resource temporarily unavailable
(worker 0) accept
(worker 0) moving to next while loop
inside master. sleeping every 1 seconds
(worker 0): before epoll_wait on fd=4
(worker 0): after epoll_wait on fd=4
(worker 0): event matched on fd=3
accept: Resource temporarily unavailable
(worker 0) accept
(worker 0) moving to next while loop
inside master. sleeping every 1 seconds
(worker 0): before epoll_wait on fd=4
(worker 0): after epoll_wait on fd=4
(worker 0): event matched on fd=3
accept: Resource temporarily unavailable
(worker 0) accept
(worker 0) moving to next while loop
inside master. sleeping every 1 seconds
(worker 0): before epoll_wait on fd=4
(worker 0): after epoll_wait on fd=4
(worker 0): event matched on fd=3
accept: Resource temporarily unavailable
(worker 0) accept
(worker 0) moving to next while loop
inside master. sleeping every 1 seconds
(worker 0): before epoll_wait on fd=4
(worker 0): after epoll_wait on fd=4
(worker 0): event matched on fd=3
accept: Resource temporarily unavailable
(worker 0) accept
(worker 0) moving to next while loop
inside master. sleeping every 1 seconds
(worker 0): before epoll_wait on fd=4
(worker 0): after epoll_wait on fd=4
(worker 0): event matched on fd=3
accept: Resource temporarily unavailable
(worker 0) accept
(worker 0) moving to next while loop
inside master. sleeping every 1 seconds
(worker 0): before epoll_wait on fd=4
(worker 0): after epoll_wait on fd=4
(worker 0): event matched on fd=3
accept: Resource temporarily unavailable
(worker 0) accept
(worker 0) moving to next while loop
inside master. sleeping every 1 seconds
(worker 0): before epoll_wait on fd=4
(worker 0): after epoll_wait on fd=4
(worker 0): event matched on fd=3
accept: Resource temporarily unavailable
(worker 0) accept
(worker 0) moving to next while loop
inside master. sleeping every 1 seconds
(worker 0): before epoll_wait on fd=4
(worker 0): after epoll_wait on fd=4
(worker 0): event matched on fd=3
accept: Resource temporarily unavailable
(worker 0) accept
(worker 0) moving to next while loop
inside master. sleeping every 1 seconds
(worker 0): before epoll_wait on fd=4
(worker 0): after epoll_wait on fd=4
(worker 0): event matched on fd=3
accept: Resource temporarily unavailable
(worker 0) accept
(worker 0) moving to next while loop
inside master. sleeping every 1 seconds
(worker 0): before epoll_wait on fd=4
(worker 0): after epoll_wait on fd=4
(worker 0): event matched on fd=3
accept: Resource temporarily unavailable
(worker 0) accept
(worker 0) moving to next while loop
inside master. sleeping every 1 seconds
(worker 0): before epoll_wait on fd=4
(worker 0): after epoll_wait on fd=4
(worker 0): event matched on fd=3
accept: Resource temporarily unavailable
(worker 0) accept
(worker 0) moving to next while loop
inside master. sleeping every 1 seconds
(worker 0): before epoll_wait on fd=4
(worker 0): after epoll_wait on fd=4
(worker 0): event matched on fd=3
accept: Resource temporarily unavailable
(worker 0) accept
(worker 0) moving to next while loop
inside master. sleeping every 1 seconds
(worker 0): before epoll_wait on fd=4
(worker 0): after epoll_wait on fd=4
(worker 0): event matched on fd=3
accept: Resource temporarily unavailable
(worker 0) accept
(worker 0) moving to next while loop
inside master. sleeping every 1 seconds
(worker 0): before epoll_wait on fd=4
(worker 0): after epoll_wait on fd=4
(worker 0): event matched on fd=3
accept: Resource temporarily unavailable
(worker 0) accept
(worker 0) moving to next while loop
inside master. sleeping every 1 seconds
(worker 0): before epoll_wait on fd=4
(worker 0): after epoll_wait on fd=4
(worker 0): event matched on fd=3
accept: Resource temporarily unavailable
(worker 0) accept
(worker 0) moving to next while loop
inside master. sleeping every 1 seconds
(worker 0): before epoll_wait on fd=4
(worker 0): after epoll_wait on fd=4
(worker 0): event matched on fd=3
accept: Resource temporarily unavailable
(worker 0) accept
(worker 0) moving to next while loop
inside master. sleeping every 1 seconds
(worker 0): before epoll_wait on fd=4
(worker 0): after epoll_wait on fd=4
(worker 0): event matched on fd=3
accept: Resource temporarily unavailable
(worker 0) accept
(worker 0) moving to next while loop
inside master. sleeping every 1 seconds
^CEnding killing worker 0...
SIGINT/SIGQUIT received...killing workers...
Killed
